\BOOKMARK [0][]{section*.1}{\376\377\000R\000e\000s\000u\000m\000e\000n}{}% 1
\BOOKMARK [0][]{section*.3}{\376\377\000A\000b\000s\000t\000r\000a\000c\000t}{}% 2
\BOOKMARK [0][]{chapter*.6}{\376\377\000A\000g\000r\000a\000d\000e\000c\000i\000m\000i\000e\000n\000t\000o\000s}{}% 3
\BOOKMARK [0][]{idx_toc.0}{\376\377\000\315\000n\000d\000i\000c\000e\000\040\000g\000e\000n\000e\000r\000a\000l}{}% 4
\BOOKMARK [0][]{section*.9}{\376\377\000\315\000n\000d\000i\000c\000e\000\040\000d\000e\000\040\000F\000i\000g\000u\000r\000a\000s}{}% 5
\BOOKMARK [0][]{section*.11}{\376\377\000\315\000n\000d\000i\000c\000e\000\040\000d\000e\000\040\000T\000a\000b\000l\000a\000s}{}% 6
\BOOKMARK [0][]{chapter.1}{\376\377\000I\000n\000t\000r\000o\000d\000u\000c\000c\000i\000\363\000n}{}% 7
\BOOKMARK [1][]{section.1.1}{\376\377\000M\000o\000t\000i\000v\000a\000c\000i\000\363\000n}{chapter.1}% 8
\BOOKMARK [1][]{section.1.2}{\376\377\000O\000b\000j\000e\000t\000i\000v\000o\000s}{chapter.1}% 9
\BOOKMARK [1][]{section.1.3}{\376\377\000C\000o\000m\000p\000e\000t\000e\000n\000c\000i\000a\000s}{chapter.1}% 10
\BOOKMARK [1][]{section.1.4}{\376\377\000E\000s\000t\000r\000u\000c\000t\000u\000r\000a\000\040\000d\000e\000\040\000l\000a\000\040\000M\000e\000m\000o\000r\000i\000a}{chapter.1}% 11
\BOOKMARK [0][]{chapter.2}{\376\377\000M\000a\000r\000c\000o\000\040\000T\000e\000\363\000r\000i\000c\000o}{}% 12
\BOOKMARK [1][]{section.2.1}{\376\377\000A\000p\000r\000e\000n\000d\000i\000z\000a\000j\000e\000\040\000A\000u\000t\000o\000m\000\341\000t\000i\000c\000o}{chapter.2}% 13
\BOOKMARK [1][]{section.2.2}{\376\377\000C\000l\000a\000s\000i\000f\000i\000c\000a\000c\000i\000\363\000n\000\040\000d\000e\000\040\000t\000e\000x\000t\000o\000s\000,\000\040\000i\000m\000\341\000g\000e\000n\000e\000s\000\040\000y\000\040\000v\000\355\000d\000e\000o\000s}{chapter.2}% 14
\BOOKMARK [1][]{section.2.3}{\376\377\000A\000p\000r\000e\000n\000d\000i\000z\000a\000j\000e\000\040\000P\000r\000o\000f\000u\000n\000d\000o}{chapter.2}% 15
\BOOKMARK [2][]{subsection.2.3.1}{\376\377\000E\000p\000o\000c\000h\000s\000\040\000y\000\040\000t\000a\000m\000a\000\361\000o\000\040\000d\000e\000\040\000l\000o\000t\000e}{section.2.3}% 16
\BOOKMARK [2][]{subsection.2.3.2}{\376\377\000T\000a\000s\000a\000\040\000d\000e\000\040\000a\000p\000r\000e\000n\000d\000i\000z\000a\000j\000e\000\040\000y\000\040\000w\000e\000i\000g\000h\000t\000\040\000d\000e\000c\000a\000y}{section.2.3}% 17
\BOOKMARK [2][]{subsection.2.3.3}{\376\377\000F\000u\000n\000c\000i\000\363\000n\000\040\000d\000e\000\040\000p\000\351\000r\000d\000i\000d\000a}{section.2.3}% 18
\BOOKMARK [2][]{subsection.2.3.4}{\376\377\000O\000v\000e\000r\000f\000i\000t\000t\000i\000n\000g\000\040\000y\000\040\000t\000\351\000c\000n\000i\000c\000a\000s\000\040\000d\000e\000\040\000r\000e\000g\000u\000l\000a\000r\000i\000z\000a\000c\000i\000\363\000n}{section.2.3}% 19
\BOOKMARK [2][]{subsection.2.3.5}{\376\377\000E\000a\000r\000l\000y\000\040\000s\000t\000o\000p\000p\000i\000n\000g\000\040\000y\000\040\000v\000a\000l\000i\000d\000a\000c\000i\000\363\000n}{section.2.3}% 20
\BOOKMARK [1][]{section.2.4}{\376\377\000P\000r\000o\000c\000e\000s\000a\000m\000i\000e\000n\000t\000o\000\040\000d\000e\000l\000\040\000L\000e\000n\000g\000u\000a\000j\000e\000\040\000N\000a\000t\000u\000r\000a\000l}{chapter.2}% 21
\BOOKMARK [2][]{subsection.2.4.1}{\376\377\000P\000r\000e\000p\000r\000o\000c\000e\000s\000a\000m\000i\000e\000n\000t\000o\000\040\000d\000e\000l\000\040\000t\000e\000x\000t\000o}{section.2.4}% 22
\BOOKMARK [2][]{subsection.2.4.2}{\376\377\000R\000e\000p\000r\000e\000s\000e\000n\000t\000a\000c\000i\000\363\000n\000\040\000d\000e\000l\000\040\000t\000e\000x\000t\000o}{section.2.4}% 23
\BOOKMARK [2][]{subsection.2.4.3}{\376\377\000C\000l\000a\000s\000i\000f\000i\000c\000a\000c\000i\000\363\000n\000\040\000d\000e\000\040\000t\000e\000x\000t\000o\000\040\000e\000n\000\040\000P\000L\000N}{section.2.4}% 24
\BOOKMARK [1][]{section.2.5}{\376\377\000M\000o\000d\000e\000l\000o\000s\000\040\000A\000v\000a\000n\000z\000a\000d\000o\000s\000\040\000p\000a\000r\000a\000\040\000T\000e\000x\000t\000o}{chapter.2}% 25
\BOOKMARK [2][]{subsection.2.5.1}{\376\377\000T\000r\000a\000n\000s\000f\000o\000r\000m\000e\000r\000s}{section.2.5}% 26
\BOOKMARK [2][]{subsection.2.5.2}{\376\377\000M\000o\000d\000e\000l\000o\000s\000\040\000G\000e\000n\000e\000r\000a\000t\000i\000v\000o\000s\000\040\000d\000e\000\040\000L\000e\000n\000g\000u\000a\000j\000e\000\040\000\050\000L\000L\000M\000s\000\051}{section.2.5}% 27
\BOOKMARK [1][]{section.2.6}{\376\377\000M\000o\000d\000e\000l\000o\000s\000\040\000A\000v\000a\000n\000z\000a\000d\000o\000s\000\040\000p\000a\000r\000a\000\040\000V\000i\000s\000i\000\363\000n\000\040\000E\000s\000t\000\341\000t\000i\000c\000a\000\040\000\050\000I\000m\000\341\000g\000e\000n\000e\000s\000\051}{chapter.2}% 28
\BOOKMARK [2][]{subsection.2.6.1}{\376\377\000V\000i\000s\000i\000o\000n\000\040\000T\000r\000a\000n\000s\000f\000o\000r\000m\000e\000r\000s\000\040\000\050\000V\000i\000T\000\051\000\040\000y\000\040\000v\000a\000r\000i\000a\000n\000t\000e\000s\000\040\000j\000e\000r\000\341\000r\000q\000u\000i\000c\000a\000s}{section.2.6}% 29
\BOOKMARK [2][]{subsection.2.6.2}{\376\377\000R\000e\000d\000e\000s\000\040\000N\000e\000u\000r\000o\000n\000a\000l\000e\000s\000\040\000C\000o\000n\000v\000o\000l\000u\000c\000i\000o\000n\000a\000l\000e\000s\000\040\000M\000o\000d\000e\000r\000n\000a\000s\000\040\000\050\000C\000o\000n\000v\000N\000e\000X\000t\000\051}{section.2.6}% 30
\BOOKMARK [2][]{subsection.2.6.3}{\376\377\000A\000g\000r\000e\000g\000a\000c\000i\000\363\000n\000\040\000t\000e\000m\000p\000o\000r\000a\000l\000\040\000p\000a\000r\000a\000\040\000c\000l\000a\000s\000i\000f\000i\000c\000a\000c\000i\000\363\000n\000\040\000d\000e\000\040\000v\000\355\000d\000e\000o}{section.2.6}% 31
\BOOKMARK [1][]{section.2.7}{\376\377\000M\000o\000d\000e\000l\000o\000s\000\040\000A\000v\000a\000n\000z\000a\000d\000o\000s\000\040\000p\000a\000r\000a\000\040\000V\000i\000s\000i\000\363\000n\000\040\000T\000e\000m\000p\000o\000r\000a\000l\000\040\000\050\000V\000\355\000d\000e\000o\000s\000\051}{chapter.2}% 32
\BOOKMARK [2][]{subsection.2.7.1}{\376\377\000A\000d\000a\000p\000t\000a\000c\000i\000\363\000n\000\040\000d\000e\000\040\000l\000a\000\040\000A\000r\000q\000u\000i\000t\000e\000c\000t\000u\000r\000a\000\040\000T\000r\000a\000n\000s\000f\000o\000r\000m\000e\000r\000\040\000a\000l\000\040\000V\000\355\000d\000e\000o}{section.2.7}% 33
\BOOKMARK [2][]{subsection.2.7.2}{\376\377\000E\000n\000f\000o\000q\000u\000e\000s\000\040\000B\000a\000s\000a\000d\000o\000s\000\040\000e\000n\000\040\000A\000u\000t\000o\000e\000n\000c\000o\000d\000e\000r\000s\000\040\000E\000n\000m\000a\000s\000c\000a\000r\000a\000d\000o\000s}{section.2.7}% 34
\BOOKMARK [1][]{section.2.8}{\376\377\000A\000p\000r\000e\000n\000d\000i\000z\000a\000j\000e\000\040\000p\000o\000r\000\040\000T\000r\000a\000n\000s\000f\000e\000r\000e\000n\000c\000i\000a}{chapter.2}% 35
\BOOKMARK [2][]{subsection.2.8.1}{\376\377\000F\000i\000n\000e\000-\000t\000u\000n\000i\000n\000g\000\040\000y\000\040\000o\000p\000t\000i\000m\000i\000z\000a\000c\000i\000\363\000n\000\040\000d\000e\000\040\000h\000i\000p\000e\000r\000p\000a\000r\000\341\000m\000e\000t\000r\000o\000s}{section.2.8}% 36
\BOOKMARK [1][]{section.2.9}{\376\377\000E\000n\000s\000e\000m\000b\000l\000e\000\040\000d\000e\000\040\000M\000o\000d\000e\000l\000o\000s\000\040\000y\000\040\000F\000u\000s\000i\000\363\000n\000\040\000m\000u\000l\000t\000i\000m\000o\000d\000a\000l}{chapter.2}% 37
\BOOKMARK [2][]{subsection.2.9.1}{\376\377\000V\000e\000n\000t\000a\000j\000a\000s\000\040\000d\000e\000\040\000l\000o\000s\000\040\000T\000r\000a\000n\000s\000f\000o\000r\000m\000e\000r\000s\000\040\000e\000n\000\040\000t\000a\000r\000e\000a\000s\000\040\000m\000u\000l\000t\000i\000m\000o\000d\000a\000l\000e\000s}{section.2.9}% 38
\BOOKMARK [2][]{subsection.2.9.2}{\376\377\000F\000u\000s\000i\000\363\000n\000\040\000T\000e\000m\000p\000r\000a\000n\000a\000\040\000v\000s\000\040\000F\000u\000s\000i\000\363\000n\000\040\000T\000a\000r\000d\000\355\000a}{section.2.9}% 39
\BOOKMARK [1][]{section.2.10}{\376\377\000S\000u\000b\000j\000e\000t\000i\000v\000i\000d\000a\000d\000\040\000e\000n\000\040\000l\000a\000\040\000a\000n\000o\000t\000a\000c\000i\000\363\000n\000\040\000d\000e\000\040\000l\000o\000s\000\040\000d\000a\000t\000o\000s}{chapter.2}% 40
\BOOKMARK [2][]{subsection.2.10.1}{\376\377\000A\000p\000r\000e\000n\000d\000i\000z\000a\000j\000e\000\040\000c\000o\000n\000\040\000D\000e\000s\000a\000c\000u\000e\000r\000d\000o\000\040\000\050\000L\000e\000a\000r\000n\000i\000n\000g\000\040\000w\000i\000t\000h\000\040\000D\000i\000s\000a\000g\000r\000e\000e\000m\000e\000n\000t\000\051}{section.2.10}% 41
\BOOKMARK [2][]{subsection.2.10.2}{\376\377\000P\000e\000r\000s\000p\000e\000c\000t\000i\000v\000i\000s\000m\000o\000\040\000e\000n\000\040\000I\000n\000t\000e\000l\000i\000g\000e\000n\000c\000i\000a\000\040\000A\000r\000t\000i\000f\000i\000c\000i\000a\000l}{section.2.10}% 42
\BOOKMARK [1][]{section.2.11}{\376\377\000M\000e\000d\000i\000d\000a\000s\000\040\000d\000e\000\040\000E\000v\000a\000l\000u\000a\000c\000i\000\363\000n}{chapter.2}% 43
\BOOKMARK [2][]{subsection.2.11.1}{\376\377\000A\000c\000c\000u\000r\000a\000c\000y\000,\000\040\000P\000r\000e\000c\000i\000s\000i\000\363\000n\000,\000\040\000E\000x\000h\000a\000u\000s\000t\000i\000v\000i\000d\000a\000d\000\040\000y\000\040\000F\0001\000-\000S\000c\000o\000r\000e}{section.2.11}% 44
\BOOKMARK [2][]{subsection.2.11.2}{\376\377\000E\000v\000a\000l\000u\000a\000c\000i\000\363\000n\000\040\000e\000n\000\040\000c\000l\000a\000s\000i\000f\000i\000c\000a\000c\000i\000\363\000n\000\040\000m\000u\000l\000t\000i\000e\000t\000i\000q\000u\000e\000t\000a}{section.2.11}% 45
\BOOKMARK [2][]{subsection.2.11.3}{\376\377\000M\000\351\000t\000r\000i\000c\000a\000s\000\040\000p\000a\000r\000a\000\040\000e\000v\000a\000l\000u\000a\000c\000i\000\363\000n\000\040\000c\000o\000n\000\040\000d\000e\000s\000a\000c\000u\000e\000r\000d\000o}{section.2.11}% 46
\BOOKMARK [1][]{section.2.12}{\376\377\000T\000e\000c\000n\000o\000l\000o\000g\000\355\000a\000s\000\040\000y\000\040\000R\000e\000c\000u\000r\000s\000o\000s\000\040\000U\000t\000i\000l\000i\000z\000a\000d\000o\000s}{chapter.2}% 47
\BOOKMARK [0][]{chapter.3}{\376\377\000M\000e\000t\000o\000d\000o\000l\000o\000g\000\355\000a\000,\000\040\000E\000x\000p\000e\000r\000i\000m\000e\000n\000t\000a\000c\000i\000\363\000n\000\040\000y\000\040\000R\000e\000s\000u\000l\000t\000a\000d\000o\000s}{}% 48
\BOOKMARK [1][]{section.3.1}{\376\377\000P\000a\000r\000t\000i\000c\000i\000p\000a\000c\000i\000\363\000n\000\040\000e\000n\000\040\000e\000l\000\040\000d\000e\000s\000a\000f\000\355\000o\000\040\000E\000X\000I\000S\000T\000\040\0002\0000\0002\0005}{chapter.3}% 49
\BOOKMARK [1][]{section.3.2}{\376\377\000D\000e\000s\000c\000r\000i\000p\000c\000i\000\363\000n\000\040\000G\000e\000n\000e\000r\000a\000l\000\040\000d\000e\000\040\000l\000a\000\040\000M\000e\000t\000o\000d\000o\000l\000o\000g\000\355\000a}{chapter.3}% 50
\BOOKMARK [1][]{section.3.3}{\376\377\000P\000r\000e\000p\000a\000r\000a\000c\000i\000\363\000n\000\040\000d\000e\000\040\000l\000o\000s\000\040\000D\000a\000t\000o\000s}{chapter.3}% 51
\BOOKMARK [2][]{subsection.3.3.1}{\376\377\000D\000e\000s\000c\000r\000i\000p\000c\000i\000\363\000n\000\040\000d\000e\000l\000\040\000C\000o\000n\000j\000u\000n\000t\000o\000\040\000d\000e\000\040\000D\000a\000t\000o\000s\000\040\000y\000\040\000D\000i\000v\000i\000s\000i\000\363\000n\000\040\000\050\000T\000r\000a\000i\000n\000\040\000y\000\040\000T\000e\000s\000t\000\051}{section.3.3}% 52
\BOOKMARK [2][]{subsection.3.3.2}{\376\377\000P\000r\000e\000p\000r\000o\000c\000e\000s\000a\000d\000o\000\040\000d\000e\000\040\000t\000e\000x\000t\000o\000,\000\040\000l\000i\000m\000p\000i\000e\000z\000a\000\040\000y\000\040\000t\000o\000k\000e\000n\000i\000z\000a\000c\000i\000\363\000n}{section.3.3}% 53
\BOOKMARK [2][]{subsection.3.3.3}{\376\377\000E\000x\000t\000r\000a\000c\000c\000i\000\363\000n\000\040\000d\000e\000\040\000C\000a\000r\000a\000c\000t\000e\000r\000\355\000s\000t\000i\000c\000a\000s\000\040\000V\000i\000s\000u\000a\000l\000e\000s}{section.3.3}% 54
\BOOKMARK [1][]{section.3.4}{\376\377\000E\000x\000p\000e\000r\000i\000m\000e\000n\000t\000a\000c\000i\000\363\000n\000\040\000U\000n\000i\000m\000o\000d\000a\000l\000\040\000e\000n\000\040\000T\000e\000x\000t\000o}{chapter.3}% 55
\BOOKMARK [2][]{subsection.3.4.1}{\376\377\000A\000r\000q\000u\000i\000t\000e\000c\000t\000u\000r\000a\000s\000\040\000D\000i\000s\000c\000r\000i\000m\000i\000n\000a\000t\000i\000v\000a\000s\000\040\000\050\000T\000r\000a\000n\000s\000f\000o\000r\000m\000e\000r\000s\000\051}{section.3.4}% 56
\BOOKMARK [2][]{subsection.3.4.2}{\376\377\000A\000r\000q\000u\000i\000t\000e\000c\000t\000u\000r\000a\000s\000\040\000G\000e\000n\000e\000r\000a\000t\000i\000v\000a\000s\000\040\000\050\000L\000L\000M\000s\000\051}{section.3.4}% 57
\BOOKMARK [1][]{section.3.5}{\376\377\000E\000x\000p\000e\000r\000i\000m\000e\000n\000t\000a\000c\000i\000\363\000n\000\040\000c\000o\000n\000\040\000M\000o\000d\000e\000l\000o\000s\000\040\000d\000e\000\040\000V\000i\000s\000i\000\363\000n\000\040\000E\000s\000t\000\341\000t\000i\000c\000a}{chapter.3}% 58
\BOOKMARK [2][]{subsection.3.5.1}{\376\377\000S\000e\000l\000e\000c\000c\000i\000\363\000n\000\040\000d\000e\000\040\000A\000r\000q\000u\000i\000t\000e\000c\000t\000u\000r\000a\000\040\000y\000\040\000V\000o\000l\000u\000m\000e\000n\000\040\000d\000e\000\040\000F\000o\000t\000o\000g\000r\000a\000m\000a\000s}{section.3.5}% 59
\BOOKMARK [2][]{subsection.3.5.2}{\376\377\000O\000p\000t\000i\000m\000i\000z\000a\000c\000i\000\363\000n\000\040\000d\000e\000\040\000H\000i\000p\000e\000r\000p\000a\000r\000\341\000m\000e\000t\000r\000o\000s\000\040\000y\000\040\000D\000a\000t\000a\000\040\000A\000u\000g\000m\000e\000n\000t\000a\000t\000i\000o\000n}{section.3.5}% 60
\BOOKMARK [1][]{section.3.6}{\376\377\000E\000x\000p\000e\000r\000i\000m\000e\000n\000t\000a\000c\000i\000\363\000n\000\040\000c\000o\000n\000\040\000M\000o\000d\000e\000l\000o\000s\000\040\000d\000e\000\040\000V\000i\000s\000i\000\363\000n\000\040\000T\000e\000m\000p\000o\000r\000a\000l}{chapter.3}% 61
\BOOKMARK [2][]{subsection.3.6.1}{\376\377\000S\000e\000l\000e\000c\000c\000i\000\363\000n\000\040\000d\000e\000\040\000l\000a\000\040\000A\000r\000q\000u\000i\000t\000e\000c\000t\000u\000r\000a\000\040\000T\000e\000m\000p\000o\000r\000a\000l}{section.3.6}% 62
\BOOKMARK [2][]{subsection.3.6.2}{\376\377\000O\000p\000t\000i\000m\000i\000z\000a\000c\000i\000\363\000n\000\040\000d\000e\000\040\000H\000i\000p\000e\000r\000p\000a\000r\000\341\000m\000e\000t\000r\000o\000s\000\040\000y\000\040\000D\000a\000t\000a\000\040\000A\000u\000g\000m\000e\000n\000t\000a\000t\000i\000o\000n\000\040\000T\000e\000m\000p\000o\000r\000a\000l}{section.3.6}% 63
\BOOKMARK [1][]{section.3.7}{\376\377\000F\000u\000s\000i\000\363\000n\000\040\000M\000u\000l\000t\000i\000m\000o\000d\000a\000l\000\040\000\050\000E\000n\000s\000e\000m\000b\000l\000e\000\051}{chapter.3}% 64
\BOOKMARK [2][]{subsection.3.7.1}{\376\377\000E\000s\000t\000r\000a\000t\000e\000g\000i\000a\000\040\000d\000e\000\040\000L\000a\000t\000e\000\040\000F\000u\000s\000i\000o\000n}{section.3.7}% 65
\BOOKMARK [2][]{subsection.3.7.2}{\376\377\000O\000p\000t\000i\000m\000i\000z\000a\000c\000i\000\363\000n\000\040\000d\000e\000\040\000P\000e\000s\000o\000s\000\040\000y\000\040\000R\000e\000s\000u\000l\000t\000a\000d\000o\000s\000\040\000F\000i\000n\000a\000l\000e\000s}{section.3.7}% 66
\BOOKMARK [2][]{subsection.3.7.3}{\376\377\000A\000n\000\341\000l\000i\000s\000i\000s\000\040\000d\000e\000\040\000E\000r\000r\000o\000r\000e\000s}{section.3.7}% 67
\BOOKMARK [1][]{section.3.8}{\376\377\000P\000e\000r\000s\000p\000e\000c\000t\000i\000v\000i\000s\000m\000o\000\040\000e\000n\000\040\000L\000e\000W\000i\000D\000i}{chapter.3}% 68
\BOOKMARK [2][]{subsection.3.8.1}{\376\377\000S\000e\000g\000m\000e\000n\000t\000a\000c\000i\000\363\000n\000\040\000d\000e\000m\000o\000g\000r\000\341\000f\000i\000c\000a\000\040\000e\000n\000\040\000T\000r\000a\000n\000s\000f\000o\000r\000m\000e\000r\000s}{section.3.8}% 69
\BOOKMARK [2][]{subsection.3.8.2}{\376\377\000I\000n\000y\000e\000c\000c\000i\000\363\000n\000\040\000d\000e\000\040\000R\000o\000l\000e\000s\000\040\000e\000n\000\040\000L\000L\000M\000s\000\040\000\050\000P\000e\000r\000s\000o\000n\000a\000\040\000P\000r\000o\000m\000p\000t\000i\000n\000g\000\051}{section.3.8}% 70
\BOOKMARK [2][]{subsection.3.8.3}{\376\377\000A\000n\000\341\000l\000i\000s\000i\000s\000\040\000d\000e\000\040\000l\000o\000s\000\040\000R\000e\000s\000u\000l\000t\000a\000d\000o\000s\000\040\000d\000e\000\040\000P\000e\000r\000s\000p\000e\000c\000t\000i\000v\000i\000s\000m\000o}{section.3.8}% 71
\BOOKMARK [1][]{section.3.9}{\376\377\000E\000x\000p\000e\000r\000i\000m\000e\000n\000t\000a\000c\000i\000\363\000n\000\040\000M\000u\000l\000t\000i\000e\000t\000i\000q\000u\000e\000t\000a\000\040\000\050\000T\000a\000r\000e\000a\000\040\0003\000.\0003\000\051}{chapter.3}% 72
\BOOKMARK [2][]{subsection.3.9.1}{\376\377\000P\000r\000e\000p\000a\000r\000a\000c\000i\000\363\000n\000\040\000d\000e\000l\000\040\000D\000a\000t\000a\000s\000e\000t\000\040\000M\000u\000l\000t\000i\000e\000t\000i\000q\000u\000e\000t\000a}{section.3.9}% 73
\BOOKMARK [2][]{subsection.3.9.2}{\376\377\000R\000e\000s\000u\000l\000t\000a\000d\000o\000s\000\040\000y\000\040\000A\000n\000\341\000l\000i\000s\000i\000s\000\040\000C\000r\000u\000z\000a\000d\000o\000\040\000p\000o\000r\000\040\000T\000i\000p\000o\000l\000o\000g\000\355\000a}{section.3.9}% 74
\BOOKMARK [1][]{section.3.10}{\376\377\000R\000e\000s\000u\000m\000e\000n\000\040\000G\000l\000o\000b\000a\000l\000\040\000d\000e\000\040\000R\000e\000s\000u\000l\000t\000a\000d\000o\000s}{chapter.3}% 75
\BOOKMARK [0][]{chapter.4}{\376\377\000C\000o\000n\000c\000l\000u\000s\000i\000o\000n\000e\000s\000\040\000y\000\040\000T\000r\000a\000b\000a\000j\000o\000\040\000F\000u\000t\000u\000r\000o}{}% 76
\BOOKMARK [1][]{section.4.1}{\376\377\000C\000o\000n\000c\000l\000u\000s\000i\000o\000n\000e\000s}{chapter.4}% 77
\BOOKMARK [1][]{section.4.2}{\376\377\000T\000r\000a\000b\000a\000j\000o\000\040\000F\000u\000t\000u\000r\000o}{chapter.4}% 78
\BOOKMARK [1][]{section.4.3}{\376\377\000P\000l\000a\000n\000i\000f\000i\000c\000a\000c\000i\000\363\000n\000\040\000T\000e\000m\000p\000o\000r\000a\000l\000\040\000d\000e\000l\000\040\000T\000r\000a\000b\000a\000j\000o\000\040\000R\000e\000a\000l\000i\000z\000a\000d\000o}{chapter.4}% 79
\BOOKMARK [0][]{chapter*.13}{\376\377\000R\000e\000f\000e\000r\000e\000n\000c\000i\000a\000s}{}% 80
\BOOKMARK [0][]{appendix.A}{\376\377\000A\000n\000e\000x\000o\000s}{}% 81
\BOOKMARK [1][]{appendix.A.1}{\376\377\000A\000p\000l\000i\000c\000a\000c\000i\000\363\000n\000\040\000W\000e\000b\000\040\000p\000a\000r\000a\000\040\000l\000a\000\040\000V\000i\000s\000u\000a\000l\000i\000z\000a\000c\000i\000\363\000n\000\040\000y\000\040\000P\000r\000u\000e\000b\000a\000\040\000d\000e\000l\000\040\000M\000o\000d\000e\000l\000o}{appendix.A}% 82
